[INFO] Scanning for projects...
[INFO] 
[INFO] -----------------------< com.yankdev:brtickets >------------------------
[INFO] Building brtickets 0.0.1-SNAPSHOT
[INFO]   from pom.xml
[INFO] --------------------------------[ jar ]---------------------------------
[INFO] 
[INFO] --- jacoco:0.8.15:prepare-agent (prepare-agent) @ brtickets ---
[INFO] argLine set to -javaagent:C:\\Users\\Cliente\\.m2\\repository\\org\\jacoco\\org.jacoco.agent\\0.8.15\\org.jacoco.agent-0.8.15-runtime.jar=destfile=C:\\Users\\Cliente\\Desktop\\monolith-brtickets\\brtickets\\target\\jacoco.exec,excludes=**/BrticketsApplication.class:**/dto/**:**/model/**:**/config/**
[INFO] 
[INFO] --- resources:3.5.0:resources (default-resources) @ brtickets ---
[INFO] Copying 1 resource from src\main\resources to target\classes
[INFO] Copying 0 resource from src\main\resources to target\classes
[INFO] 
[INFO] --- compiler:3.15.0:compile (default-compile) @ brtickets ---
[INFO] Nothing to compile - all classes are up to date.
[INFO] 
[INFO] --- resources:3.5.0:testResources (default-testResources) @ brtickets ---
[INFO] skip non existing resourceDirectory C:\Users\Cliente\Desktop\monolith-brtickets\brtickets\src\test\resources
[INFO] 
[INFO] --- compiler:3.15.0:testCompile (default-testCompile) @ brtickets ---
[INFO] Recompiling the module because of changed source code.
[INFO] Compiling 9 source files with javac [debug parameters release 17] to target\test-classes
[INFO] 
[INFO] --- surefire:3.5.6:test (default-test) @ brtickets ---
[INFO] Using auto detected provider org.apache.maven.surefire.junitplatform.JUnitPlatformProvider
[INFO] 
[INFO] -------------------------------------------------------
[INFO]  T E S T S
[INFO] -------------------------------------------------------
[INFO] Running com.yankdev.brtickets.user.controller.UserControllerTest
14:36:01.184 [main] INFO org.springframework.test.context.support.AnnotationConfigContextLoaderUtils -- Could not detect default configuration classes for test class [com.yankdev.brtickets.user.controller.UserControllerTest]: UserControllerTest does not declare any static, non-private, non-final, nested classes annotated with @Configuration.
14:36:01.698 [main] INFO org.springframework.boot.test.context.SpringBootTestContextBootstrapper -- Found @SpringBootConfiguration com.yankdev.brtickets.BrticketsApplication for test class com.yankdev.brtickets.user.controller.UserControllerTest
14:36:01.703 [main] INFO org.springframework.test.context.support.AnnotationConfigContextLoaderUtils -- Could not detect default configuration classes for test class [com.yankdev.brtickets.user.controller.UserControllerTest]: UserControllerTest does not declare any static, non-private, non-final, nested classes annotated with @Configuration.
14:36:01.723 [main] INFO org.springframework.boot.test.context.SpringBootTestContextBootstrapper -- Found @SpringBootConfiguration com.yankdev.brtickets.BrticketsApplication for test class com.yankdev.brtickets.user.controller.UserControllerTest
14:36:02.008 [main] INFO org.springframework.boot.devtools.restart.RestartApplicationListener -- Restart disabled due to context in which it is running

  .   ____          _            __ _ _
 /\\ / ___'_ __ _ _(_)_ __  __ _ \ \ \ \
( ( )\___ | '_ | '_| | '_ \/ _` | \ \ \ \
 \\/  ___)| |_)| | | | | || (_| |  ) ) ) )
  '  |____| .__|_| |_|_| |_\__, | / / / /
 =========|_|==============|___/=/_/_/_/

 :: Spring Boot ::                (v4.1.0)

2026-10-10T14:36:02.896-03:00  INFO 7696 --- [brtickets] [           main] c.y.b.u.controller.UserControllerTest    : Starting UserControllerTest using Java 17.0.19 with PID 7696 (started by Cliente in C:\Users\Cliente\Desktop\monolith-brtickets\brtickets)
2026-10-10T14:36:02.898-03:00  INFO 7696 --- [brtickets] [           main] c.y.b.u.controller.UserControllerTest    : No active profile set, falling back to 1 default profile: "default"
OpenJDK 64-Bit Server VM warning: Sharing is only supported for boot loader classes because bootstrap classpath has been appended
2026-10-10T14:36:07.640-03:00  INFO 7696 --- [brtickets] [           main] r$InitializeUserDetailsManagerConfigurer : Global AuthenticationManager configured with UserDetailsService bean with name inMemoryUserDetailsManager
2026-10-10T14:36:09.064-03:00  INFO 7696 --- [brtickets] [           main] o.s.b.t.m.w.SpringBootMockServletContext : Initializing Spring TestDispatcherServlet ''
2026-10-10T14:36:09.065-03:00  INFO 7696 --- [brtickets] [           main] o.s.t.web.servlet.TestDispatcherServlet  : Initializing Servlet ''
2026-10-10T14:36:09.067-03:00  INFO 7696 --- [brtickets] [           main] o.s.t.web.servlet.TestDispatcherServlet  : Completed initialization in 2 ms
2026-10-10T14:36:09.120-03:00  INFO 7696 --- [brtickets] [           main] c.y.b.u.controller.UserControllerTest    : Started UserControllerTest in 7.161 seconds (process running for 10.014)
[INFO] Tests run: 12, Failures: 0, Errors: 0, Skipped: 0, Time elapsed: 10.02 s -- in com.yankdev.brtickets.user.controller.UserControllerTest
[INFO] 
[INFO] Results:
[INFO] 
[INFO] Tests run: 12, Failures: 0, Errors: 0, Skipped: 0
[INFO] 
[INFO] 
[INFO] --- jacoco:0.8.15:report (report) @ brtickets ---
[INFO] Loading execution data file C:\Users\Cliente\Desktop\monolith-brtickets\brtickets\target\jacoco.exec
[INFO] Analyzed bundle 'brtickets' with 37 classes
[INFO] ------------------------------------------------------------------------
[INFO] BUILD SUCCESS
[INFO] ------------------------------------------------------------------------
[INFO] Total time:  19.060 s
[INFO] Finished at: 2026-10-10T14:36:11-03:00
[INFO] ------------------------------------------------------------------------
