[INFO] Scanning for projects...
[INFO] 
[INFO] -----------------------< com.yankdev:brtickets >------------------------
[INFO] Building brtickets 0.0.1-SNAPSHOT
[INFO]   from pom.xml
[INFO] --------------------------------[ jar ]---------------------------------
[INFO] 
[INFO] --- jacoco:0.8.15:prepare-agent (prepare-agent) @ brtickets ---
[INFO] argLine set to -javaagent:C:\\Users\\Cliente\\.m2\\repository\\org\\jacoco\\org.jacoco.agent\\0.8.15\\org.jacoco.agent-0.8.15-runtime.jar=destfile=C:\\Users\\Cliente\\Desktop\\monolith-brtickets\\brtickets\\target\\jacoco.exec,excludes=**/BrticketsApplication.class:**/dto/**:**/model/**:**/config/**
[INFO] 
[INFO] --- resources:3.5.0:resources (default-resources) @ brtickets ---
[INFO] Copying 1 resource from src\main\resources to target\classes
[INFO] Copying 0 resource from src\main\resources to target\classes
[INFO] 
[INFO] --- compiler:3.15.0:compile (default-compile) @ brtickets ---
[INFO] Nothing to compile - all classes are up to date.
[INFO] 
[INFO] --- resources:3.5.0:testResources (default-testResources) @ brtickets ---
[INFO] skip non existing resourceDirectory C:\Users\Cliente\Desktop\monolith-brtickets\brtickets\src\test\resources
[INFO] 
[INFO] --- compiler:3.15.0:testCompile (default-testCompile) @ brtickets ---
[INFO] Recompiling the module because of changed source code.
[INFO] Compiling 19 source files with javac [debug parameters release 17] to target\test-classes
[INFO] 
[INFO] --- surefire:3.5.6:test (default-test) @ brtickets ---
[INFO] Using auto detected provider org.apache.maven.surefire.junitplatform.JUnitPlatformProvider
[INFO] 
[INFO] -------------------------------------------------------
[INFO]  T E S T S
[INFO] -------------------------------------------------------
[INFO] Running com.yankdev.brtickets.user.repository.UserRepositoryTest
14:54:14.960 [main] INFO org.springframework.test.context.support.AnnotationConfigContextLoaderUtils -- Could not detect default configuration classes for test class [com.yankdev.brtickets.user.repository.UserRepositoryTest]: UserRepositoryTest does not declare any static, non-private, non-final, nested classes annotated with @Configuration.
14:54:15.356 [main] INFO org.springframework.boot.test.context.SpringBootTestContextBootstrapper -- Found @SpringBootConfiguration com.yankdev.brtickets.BrticketsApplication for test class com.yankdev.brtickets.user.repository.UserRepositoryTest
14:54:15.360 [main] INFO org.springframework.test.context.support.AnnotationConfigContextLoaderUtils -- Could not detect default configuration classes for test class [com.yankdev.brtickets.user.repository.UserRepositoryTest]: UserRepositoryTest does not declare any static, non-private, non-final, nested classes annotated with @Configuration.
14:54:15.388 [main] INFO org.springframework.boot.test.context.SpringBootTestContextBootstrapper -- Found @SpringBootConfiguration com.yankdev.brtickets.BrticketsApplication for test class com.yankdev.brtickets.user.repository.UserRepositoryTest
14:54:15.619 [main] INFO org.springframework.boot.devtools.restart.RestartApplicationListener -- Restart disabled due to context in which it is running

  .   ____          _            __ _ _
 /\\ / ___'_ __ _ _(_)_ __  __ _ \ \ \ \
( ( )\___ | '_ | '_| | '_ \/ _` | \ \ \ \
 \\/  ___)| |_)| | | | | || (_| |  ) ) ) )
  '  |____| .__|_| |_|_| |_\__, | / / / /
 =========|_|==============|___/=/_/_/_/

 :: Spring Boot ::                (v4.1.0)

2026-10-10T14:54:16.553-03:00  INFO 24368 --- [brtickets] [           main] c.y.b.u.repository.UserRepositoryTest    : Starting UserRepositoryTest using Java 17.0.19 with PID 24368 (started by Cliente in C:\Users\Cliente\Desktop\monolith-brtickets\brtickets)
2026-10-10T14:54:16.556-03:00  INFO 24368 --- [brtickets] [           main] c.y.b.u.repository.UserRepositoryTest    : No active profile set, falling back to 1 default profile: "default"
2026-10-10T14:54:17.587-03:00  INFO 24368 --- [brtickets] [           main] .s.d.r.c.RepositoryConfigurationDelegate : Bootstrapping Spring Data JPA repositories in DEFAULT mode.
2026-10-10T14:54:17.764-03:00  INFO 24368 --- [brtickets] [           main] .s.d.r.c.RepositoryConfigurationDelegate : Finished Spring Data repository scanning in 156 ms. Found 7 JPA repository interfaces.
2026-10-10T14:54:18.147-03:00  INFO 24368 --- [brtickets] [           main] org.testcontainers.images.PullPolicy     : Image pull policy will be performed by: DefaultPullPolicy()
2026-10-10T14:54:18.151-03:00  INFO 24368 --- [brtickets] [           main] o.t.utility.ImageNameSubstitutor         : Image name substitution will be performed by: DefaultImageNameSubstitutor (composite of 'ConfigurationFileImageNameSubstitutor' and 'PrefixingImageNameSubstitutor')
2026-10-10T14:54:18.280-03:00  INFO 24368 --- [brtickets] [           main] org.testcontainers.DockerClientFactory   : Testcontainers version: 2.0.5
2026-10-10T14:54:19.017-03:00  INFO 24368 --- [brtickets] [           main] o.t.d.DockerClientProviderStrategy       : Loaded org.testcontainers.dockerclient.NpipeSocketClientProviderStrategy from ~/.testcontainers.properties, will try it first
2026-10-10T14:54:21.621-03:00  INFO 24368 --- [brtickets] [           main] o.t.d.DockerClientProviderStrategy       : Found Docker environment with local Npipe socket (npipe:////./pipe/docker_engine)
2026-10-10T14:54:21.622-03:00  INFO 24368 --- [brtickets] [           main] org.testcontainers.DockerClientFactory   : Docker host IP address is localhost
2026-10-10T14:54:21.653-03:00  INFO 24368 --- [brtickets] [           main] org.testcontainers.DockerClientFactory   : Connected to docker: 
  Server Version: 29.6.1
  API Version: 1.55
  Operating System: Docker Desktop
  Total Memory: 7893 MB
  Labels: 
    com.docker.desktop.address=npipe://\\.\pipe\docker_cli
2026-10-10T14:54:21.825-03:00  INFO 24368 --- [brtickets] [           main] tc.testcontainers/ryuk:0.14.0            : Creating container for image: testcontainers/ryuk:0.14.0
2026-10-10T14:54:22.254-03:00  INFO 24368 --- [brtickets] [           main] tc.testcontainers/ryuk:0.14.0            : Container testcontainers/ryuk:0.14.0 is starting: abb7f6c8004337679c587f424ecb1c04ffb00928fb4313d4477bf5f6a62d63cd
2026-10-10T14:54:24.137-03:00  INFO 24368 --- [brtickets] [           main] tc.testcontainers/ryuk:0.14.0            : Container testcontainers/ryuk:0.14.0 started in PT2.3114083S
2026-10-10T14:54:24.144-03:00  INFO 24368 --- [brtickets] [           main] o.t.utility.RyukResourceReaper           : Ryuk started - will monitor and terminate Testcontainers containers on JVM exit
2026-10-10T14:54:24.144-03:00  INFO 24368 --- [brtickets] [           main] org.testcontainers.DockerClientFactory   : Checking the system...
2026-10-10T14:54:24.145-03:00  INFO 24368 --- [brtickets] [           main] org.testcontainers.DockerClientFactory   : ?? Docker server version should be at least 1.6.0
2026-10-10T14:54:24.147-03:00  INFO 24368 --- [brtickets] [           main] tc.postgres:17-alpine                    : Creating container for image: postgres:17-alpine
2026-10-10T14:54:24.324-03:00  INFO 24368 --- [brtickets] [           main] tc.postgres:17-alpine                    : Container postgres:17-alpine is starting: 6ce84a88efa9ca8e0236d16da8944496470b0be7ea1270e2ff86272037d20ae5
2026-10-10T14:54:31.092-03:00  INFO 24368 --- [brtickets] [           main] tc.postgres:17-alpine                    : Container postgres:17-alpine started in PT6.9457917S
2026-10-10T14:54:31.093-03:00  INFO 24368 --- [brtickets] [           main] tc.postgres:17-alpine                    : Container is started (JDBC URL: jdbc:postgresql://localhost:49214/test?loggerLevel=OFF)
2026-10-10T14:54:31.397-03:00  INFO 24368 --- [brtickets] [           main] org.hibernate.orm.jpa                    : HHH008540: Processing PersistenceUnitInfo [name: default]
2026-10-10T14:54:31.511-03:00  INFO 24368 --- [brtickets] [           main] org.hibernate.orm.core                   : HHH000001: Hibernate ORM core version 7.4.1.Final
2026-10-10T14:54:32.448-03:00  INFO 24368 --- [brtickets] [           main] o.s.o.j.p.SpringPersistenceUnitInfo      : No LoadTimeWeaver setup: ignoring JPA class transformer
2026-10-10T14:54:32.522-03:00  INFO 24368 --- [brtickets] [           main] com.zaxxer.hikari.HikariDataSource       : HikariPool-1 - Starting...
2026-10-10T14:54:32.815-03:00  INFO 24368 --- [brtickets] [           main] com.zaxxer.hikari.pool.HikariPool        : HikariPool-1 - Added connection org.postgresql.jdbc.PgConnection@4983490b
2026-10-10T14:54:32.818-03:00  INFO 24368 --- [brtickets] [           main] com.zaxxer.hikari.HikariDataSource       : HikariPool-1 - Start completed.
2026-10-10T14:54:32.947-03:00  INFO 24368 --- [brtickets] [           main] org.hibernate.orm.connections.pooling    : HHH10001005: Database info:
	Database JDBC URL [jdbc:postgresql://localhost:49214/test?loggerLevel=OFF]
	Database driver: PostgreSQL JDBC Driver
	Database dialect: PostgreSQLDialect
	Database version: 17.11
	Default catalog/schema: test/public
	Autocommit mode: undefined/unknown
	Isolation level: READ_COMMITTED [default READ_COMMITTED]
	JDBC fetch size: none
	Pool: DataSourceConnectionProvider
	Minimum pool size: undefined/unknown
	Maximum pool size: undefined/unknown
2026-10-10T14:54:34.838-03:00  INFO 24368 --- [brtickets] [           main] org.hibernate.orm.core                   : HHH000489: No JTA platform available (set 'hibernate.transaction.jta.platform' to enable JTA platform integration)
Hibernate: create table booking_item (booking_item_id uuid not null, unit_price numeric(38,2), booking_booking_id uuid, ticket_ticket_id uuid, primary key (booking_item_id))
Hibernate: create table bookings (booking_id uuid not null, cancelled_at timestamp(6), confirmed_at timestamp(6), created_at timestamp(6), payment_method varchar(255) check ((payment_method in ('MONEY','CREDIT_CARD','DEBIT_CARD','PIX'))), status varchar(255) check ((status in ('PENDING','CONFIRMED','CANCELLED','REFUNDED'))), total_amount numeric(38,2), user_id uuid, primary key (booking_id))
Hibernate: create table events (event_id uuid not null, age_rate integer not null, artist varchar(255), created_at timestamp(6), date timestamp(6), description varchar(255), end_date timestamp(6), image_url varchar(255), name varchar(255) not null, sales_end_at timestamp(6), sales_start_at timestamp(6), status smallint check ((status between 0 and 4)), type smallint check ((type between 0 and 6)), created_by uuid not null, venue_id uuid not null, primary key (event_id))
Hibernate: create table payments (id uuid not null, amount numeric(10,2) not null, card_brand varchar(255), card_last_four_digits varchar(255), created_at timestamp(6) not null, gateway_response varchar(255), gateway_transaction_id varchar(255), installments integer, method varchar(255) not null check ((method in ('MONEY','CREDIT_CARD','DEBIT_CARD','PIX'))), paid_at timestamp(6), pix_expires_at timestamp(6), pix_key varchar(255), pix_qr_code varchar(255), refunded_at timestamp(6), status varchar(255) not null check ((status in ('PENDING','APPROVED','REJECTED','REFUNDED'))), booking_id uuid not null, primary key (id))
Hibernate: create table tickets (ticket_id uuid not null, created_at timestamp(6), price numeric(38,2) not null, qr_code varchar(255), row varchar(255), seat varchar(255) not null, sector varchar(255) not null, status varchar(255) check ((status in ('AVAILABLE','BOOKED','SOLD','CANCELLED'))), type varchar(255) check ((type in ('FULL_TICKET','HALF_TICKET','VIP','COURTESY'))), updated_at timestamp(6), event_id uuid, primary key (ticket_id))
Hibernate: create table users (user_id uuid not null, active boolean not null, birthday date, cpf varchar(255), created_at timestamp(6), email varchar(255), first_name varchar(255) not null, last_name varchar(255) not null, password_hash varchar(255) not null, phone varchar(255), role smallint check ((role between 0 and 1)), updated_at timestamp(6), primary key (user_id))
Hibernate: create table venues (venue_id uuid not null, capacity integer not null, city varchar(255) not null, country varchar(255), description varchar(255), is_active boolean not null, latitude float(53), longitude float(53), name varchar(255) not null, state varchar(255) not null, street varchar(255) not null, type varchar(255) check ((type in ('ARENA','STADIUM','AMPHITHEATER','THEATER','CLUB','FESTIVAL_GROUND'))), zip_code varchar(255), primary key (venue_id))
Hibernate: alter table if exists tickets drop constraint if exists UK136k8tqvcn833mi3tjgqktnx2
2026-10-10T14:54:34.990-03:00  WARN 24368 --- [brtickets] [           main] org.hibernate.orm.jdbc.warn              : HHH000247: ErrorCode: 0, SQLState: 00000
2026-10-10T14:54:34.990-03:00  WARN 24368 --- [brtickets] [           main] org.hibernate.orm.jdbc.warn              : constraint "uk136k8tqvcn833mi3tjgqktnx2" of relation "tickets" does not exist, skipping
Hibernate: alter table if exists tickets add constraint UK136k8tqvcn833mi3tjgqktnx2 unique (qr_code)
Hibernate: alter table if exists users drop constraint if exists UK7kqluf7wl0oxs7n90fpya03ss
2026-10-10T14:54:34.994-03:00  WARN 24368 --- [brtickets] [           main] org.hibernate.orm.jdbc.warn              : HHH000247: ErrorCode: 0, SQLState: 00000
2026-10-10T14:54:34.994-03:00  WARN 24368 --- [brtickets] [           main] org.hibernate.orm.jdbc.warn              : constraint "uk7kqluf7wl0oxs7n90fpya03ss" of relation "users" does not exist, skipping
Hibernate: alter table if exists users add constraint UK7kqluf7wl0oxs7n90fpya03ss unique (cpf)
Hibernate: alter table if exists users drop constraint if exists UK6dotkott2kjsp8vw4d0m25fb7
2026-10-10T14:54:34.997-03:00  WARN 24368 --- [brtickets] [           main] org.hibernate.orm.jdbc.warn              : HHH000247: ErrorCode: 0, SQLState: 00000
2026-10-10T14:54:34.997-03:00  WARN 24368 --- [brtickets] [           main] org.hibernate.orm.jdbc.warn              : constraint "uk6dotkott2kjsp8vw4d0m25fb7" of relation "users" does not exist, skipping
Hibernate: alter table if exists users add constraint UK6dotkott2kjsp8vw4d0m25fb7 unique (email)
Hibernate: alter table if exists booking_item add constraint FKr9uekm2d51h3262nf1cs6m2tl foreign key (booking_booking_id) references bookings
Hibernate: alter table if exists booking_item add constraint FKp7lviqmtqyyb20wmnmi0473jj foreign key (ticket_ticket_id) references tickets
Hibernate: alter table if exists events add constraint FKmpv90a1lsx9lcxsj7xjcvvsxg foreign key (created_by) references users
Hibernate: alter table if exists events add constraint FKqdxygdernwwt74hdvix9u5nr3 foreign key (venue_id) references venues
Hibernate: alter table if exists payments add constraint FKc52o2b1jkxttngufqp3t7jr3h foreign key (booking_id) references bookings
Hibernate: alter table if exists tickets add constraint FK3utafe14rupaypjocldjaj4ol foreign key (event_id) references events
2026-10-10T14:54:35.025-03:00  INFO 24368 --- [brtickets] [           main] j.LocalContainerEntityManagerFactoryBean : Initialized JPA EntityManagerFactory for persistence unit 'default'
2026-10-10T14:54:35.169-03:00  INFO 24368 --- [brtickets] [           main] o.s.d.j.r.query.QueryEnhancerFactories   : Hibernate is in classpath; If applicable, HQL parser will be used.
2026-10-10T14:54:35.646-03:00  INFO 24368 --- [brtickets] [           main] c.y.b.u.repository.UserRepositoryTest    : Started UserRepositoryTest in 20.057 seconds (process running for 22.729)
OpenJDK 64-Bit Server VM warning: Sharing is only supported for boot loader classes because bootstrap classpath has been appended
Hibernate: insert into users (active,birthday,cpf,created_at,email,first_name,last_name,password_hash,phone,role,updated_at,user_id) values (?,?,?,?,?,?,?,?,?,?,?,?)
Hibernate: insert into users (active,birthday,cpf,created_at,email,first_name,last_name,password_hash,phone,role,updated_at,user_id) values (?,?,?,?,?,?,?,?,?,?,?,?)
Hibernate: insert into users (active,birthday,cpf,created_at,email,first_name,last_name,password_hash,phone,role,updated_at,user_id) values (?,?,?,?,?,?,?,?,?,?,?,?)
2026-10-10T14:54:36.447-03:00  WARN 24368 --- [brtickets] [           main] org.hibernate.orm.jdbc.error             : HHH000247: ErrorCode: 0, SQLState: 23505
2026-10-10T14:54:36.447-03:00  WARN 24368 --- [brtickets] [           main] org.hibernate.orm.jdbc.error             : ERROR: duplicate key value violates unique constraint "uk7kqluf7wl0oxs7n90fpya03ss"
  Detail: Key (cpf)=(12345678901) already exists.
Hibernate: insert into users (active,birthday,cpf,created_at,email,first_name,last_name,password_hash,phone,role,updated_at,user_id) values (?,?,?,?,?,?,?,?,?,?,?,?)
Hibernate: insert into users (active,birthday,cpf,created_at,email,first_name,last_name,password_hash,phone,role,updated_at,user_id) values (?,?,?,?,?,?,?,?,?,?,?,?)
2026-10-10T14:54:36.482-03:00  WARN 24368 --- [brtickets] [           main] org.hibernate.orm.jdbc.error             : HHH000247: ErrorCode: 0, SQLState: 23505
2026-10-10T14:54:36.483-03:00  WARN 24368 --- [brtickets] [           main] org.hibernate.orm.jdbc.error             : ERROR: duplicate key value violates unique constraint "uk6dotkott2kjsp8vw4d0m25fb7"
  Detail: Key (email)=(yan@brtickets.com) already exists.
Hibernate: insert into users (active,birthday,cpf,created_at,email,first_name,last_name,password_hash,phone,role,updated_at,user_id) values (?,?,?,?,?,?,?,?,?,?,?,?)
Hibernate: select um1_0.user_id from users um1_0 where um1_0.cpf=? fetch first ? rows only
Hibernate: insert into users (active,birthday,cpf,created_at,email,first_name,last_name,password_hash,phone,role,updated_at,user_id) values (?,?,?,?,?,?,?,?,?,?,?,?)
Hibernate: select um1_0.user_id from users um1_0 where um1_0.email=? fetch first ? rows only
Hibernate: insert into users (active,birthday,cpf,created_at,email,first_name,last_name,password_hash,phone,role,updated_at,user_id) values (?,?,?,?,?,?,?,?,?,?,?,?)
Hibernate: select um1_0.user_id,um1_0.active,um1_0.birthday,um1_0.cpf,um1_0.created_at,um1_0.email,um1_0.first_name,um1_0.last_name,um1_0.password_hash,um1_0.phone,um1_0.role,um1_0.updated_at from users um1_0 where um1_0.email=?
Hibernate: insert into users (active,birthday,cpf,created_at,email,first_name,last_name,password_hash,phone,role,updated_at,user_id) values (?,?,?,?,?,?,?,?,?,?,?,?)
Hibernate: select um1_0.user_id from users um1_0 where um1_0.email=? fetch first ? rows only
Hibernate: insert into users (active,birthday,cpf,created_at,email,first_name,last_name,password_hash,phone,role,updated_at,user_id) values (?,?,?,?,?,?,?,?,?,?,?,?)
Hibernate: select um1_0.user_id,um1_0.active,um1_0.birthday,um1_0.cpf,um1_0.created_at,um1_0.email,um1_0.first_name,um1_0.last_name,um1_0.password_hash,um1_0.phone,um1_0.role,um1_0.updated_at from users um1_0 where um1_0.email=?
Hibernate: insert into users (active,birthday,cpf,created_at,email,first_name,last_name,password_hash,phone,role,updated_at,user_id) values (?,?,?,?,?,?,?,?,?,?,?,?)
Hibernate: select um1_0.user_id,um1_0.active,um1_0.birthday,um1_0.cpf,um1_0.created_at,um1_0.email,um1_0.first_name,um1_0.last_name,um1_0.password_hash,um1_0.phone,um1_0.role,um1_0.updated_at from users um1_0 where um1_0.user_id=?
Hibernate: insert into users (active,birthday,cpf,created_at,email,first_name,last_name,password_hash,phone,role,updated_at,user_id) values (?,?,?,?,?,?,?,?,?,?,?,?)
Hibernate: select um1_0.user_id from users um1_0 where um1_0.cpf=? fetch first ? rows only
Hibernate: insert into users (active,birthday,cpf,created_at,email,first_name,last_name,password_hash,phone,role,updated_at,user_id) values (?,?,?,?,?,?,?,?,?,?,?,?)
Hibernate: select um1_0.user_id from users um1_0 where um1_0.email=? fetch first ? rows only
[INFO] Tests run: 11, Failures: 0, Errors: 0, Skipped: 0, Time elapsed: 23.04 s -- in com.yankdev.brtickets.user.repository.UserRepositoryTest
[INFO] 
[INFO] Results:
[INFO] 
[INFO] Tests run: 11, Failures: 0, Errors: 0, Skipped: 0
[INFO] 
[INFO] 
[INFO] --- jacoco:0.8.15:report (report) @ brtickets ---
[INFO] Loading execution data file C:\Users\Cliente\Desktop\monolith-brtickets\brtickets\target\jacoco.exec
[INFO] Analyzed bundle 'brtickets' with 37 classes
[INFO] ------------------------------------------------------------------------
[INFO] BUILD SUCCESS
[INFO] ------------------------------------------------------------------------
[INFO] Total time:  34.924 s
[INFO] Finished at: 2026-10-10T14:54:40-03:00
[INFO] ------------------------------------------------------------------------
